ishimotoidzumi@ishimotoidzuminoMacBook-Pro ~ % mkdir git_challenge
ishimotoidzumi@ishimotoidzuminoMacBook-Pro ~ % cd git_challenge
ishimotoidzumi@ishimotoidzuminoMacBook-Pro git_challenge % git init
Initialized empty Git repository in /Users/ishimotoidzumi/git_challenge/.git/
ishimotoidzumi@ishimotoidzuminoMacBook-Pro git_challenge % touch hello_world.txt
ishimotoidzumi@ishimotoidzuminoMacBook-Pro git_challenge % git add hello_world.txt
ishimotoidzumi@ishimotoidzuminoMacBook-Pro git_challenge %  git commit -m "Hello,worldを追記" 
[main (root-commit) 358afd5] Hello,worldを追記
 1 file changed, 1 insertion(+)
 create mode 100644 hello_world.txt
ishimotoidzumi@ishimotoidzuminoMacBook-Pro git_challenge % git add hello_world.txt
ishimotoidzumi@ishimotoidzuminoMacBook-Pro git_challenge % git commit -m "こんにちは、世界を追記"
[main b2f9b5b] こんにちは、世界を追記
 1 file changed, 2 insertions(+), 1 deletion(-)
ishimotoidzumi@ishimotoidzuminoMacBook-Pro git_challenge % git log --oneline
b2f9b5b (HEAD -> main) こんにちは、世界を追記
358afd5 Hello,worldを追記